// Jest Snapshot v1, https://goo.gl/fbAQLP

exports[`Should render ExpenseListItem 1`] = `
<div>
  <Link
    replace={false}
    to="/edit/1"
  >
    <h3>
      Gum
    </h3>
  </Link>
  <p>
    Amount: $
    1.95
     - Created At: 
    0
  </p>
</div>
`;
