// Jest Snapshot v1, https://goo.gl/fbAQLP

exports[`Should render Header correctly 1`] = `
<header>
  <h1>
    Expensify
  </h1>
  <div>
    <NavLink
      activeClassName="is-active"
      ariaCurrent="true"
      exact={true}
      to="/"
    >
      Home
    </NavLink>
  </div>
  <div>
    <NavLink
      activeClassName="is-active"
      ariaCurrent="true"
      exact={true}
      to="/create"
    >
      Create Expense
    </NavLink>
  </div>
  <div>
    <button
      onClick={[Function]}
    >
      Logout
    </button>
  </div>
</header>
`;
